// Jest Snapshot v1, https://goo.gl/fbAQLP

exports[`LoginComponent should match snapshot 1`] = `
<weddineo-frontend-login
  errors={[Function Array]}
  fb={[Function FormBuilder]}
  formGroup={[Function FormGroup]}
>
  <div
    class="container"
    style="align-content: center; align-items: center; box-sizing: border-box; display: flex; flex-direction: row; justify-content: center; flex: 1 1 100%; max-width: 100%;"
  >
    <mat-card
      class="mat-card mat-focus-indicator"
      style="box-sizing: border-box; max-width: 80%; flex: 1 1 100%;"
    >
      <mat-card-content
        class="mat-card-content"
        style="box-sizing: border-box; display: flex; flex-direction: column;"
      >
        <weddineo-frontend-text-input />
        <weddineo-frontend-text-input />
        <weddineo-frontend-action-button
          style="align-content: center; align-items: center; box-sizing: border-box; display: flex; flex-direction: row; justify-content: center;"
        />
      </mat-card-content>
    </mat-card>
  </div>
</weddineo-frontend-login>
`;
